// Jest Snapshot v1, https://goo.gl/fbAQLP

exports[`should render Slide correctly 1`] = `
<div
  className="slide"
  style={
    Object {
      "backgroundImage": "url(test)",
      "backgroundPosition": "50% 60%",
      "backgroundRepeat": "no-repeat",
      "backgroundSize": "cover",
    }
  }
/>
`;
